F:\Code\user_message_protocol\user_message_protocol\ump_sock.c
F:\Code\user_message_protocol\user_message_protocol\upacket.c
F:\Code\user_message_protocol\user_message_protocol\ump.c
F:\Code\user_message_protocol\user_message_protocol\ump_sock.h
F:\Code\user_message_protocol\test_ump\test_ump.c
F:\Code\user_message_protocol\user_message_protocol\core_thread.c
F:\Code\user_message_protocol\user_message_protocol\ump_misc.c
F:\Code\user_message_protocol\user_message_protocol\mevent.c
F:\Code\user_message_protocol\user_message_protocol\timer_list.c
F:\Code\user_message_protocol\user_message_protocol\ump_private.h
F:\Code\user_message_protocol\user_message_protocol\upacket_public.h
F:\Code\user_message_protocol\user_message_protocol\rtocomputer.c
F:\Code\user_message_protocol\user_message_protocol\ump_public.h
F:\Code\user_message_protocol\user_message_protocol\debug_out.c
F:\Code\user_message_protocol\user_message_protocol\upacket_private.h
F:\Code\user_message_protocol\user_message_protocol\ump_misc.h
F:\Code\user_message_protocol\user_message_protocol\rtocomputer_private.h
F:\Code\user_message_protocol\user_message_protocol\mevent_public.h
F:\Code\user_message_protocol\user_message_protocol\rtocomputer_public.h
F:\Code\user_message_protocol\user_message_protocol\mevent_private.h
F:\Code\user_message_protocol\test_ump\test_ump.h
F:\Code\user_message_protocol\user_message_protocol\timer_list_private.h
F:\Code\user_message_protocol\user_message_protocol\timer_list_public.h
F:\Code\user_message_protocol\user_message_protocol\core_thread.h
F:\Code\user_message_protocol\user_message_protocol\debug_out.h
